\BOOKMARK [1][-]{section.1}{Introduction}{}% 1
\BOOKMARK [1][-]{section.2}{No arbitrage conditions for the eSSVI model}{}% 2
\BOOKMARK [2][-]{subsection.2.1}{Calendar spread arbitrage}{section.2}% 3
\BOOKMARK [2][-]{subsection.2.2}{Butterfly arbitrage}{section.2}% 4
\BOOKMARK [3][-]{subsubsection.2.2.1}{The Gatheral-Jacquier \(GJ\) no Butterfly arbitrage sufficient conditions}{subsection.2.2}% 5
\BOOKMARK [3][-]{subsubsection.2.2.2}{The Martini-Mingone \(MM\) no Butterfly arbitrage necessary and sufficient conditions}{subsection.2.2}% 6
\BOOKMARK [2][-]{subsection.2.3}{Final conditions}{section.2}% 7
\BOOKMARK [1][-]{section.3}{A global parametrization}{}% 8
\BOOKMARK [2][-]{subsection.3.1}{The case with two maturities}{section.3}% 9
\BOOKMARK [2][-]{subsection.3.2}{The general case}{section.3}% 10
\BOOKMARK [1][-]{section.4}{Calibration strategy}{}% 11
\BOOKMARK [2][-]{subsection.4.1}{Routine}{section.4}% 12
\BOOKMARK [2][-]{subsection.4.2}{Parameters domain and initial conditions}{section.4}% 13
\BOOKMARK [2][-]{subsection.4.3}{Numerical experiments}{section.4}% 14
\BOOKMARK [3][-]{subsubsection.4.3.1}{The Carr-Pelts-Tehranchi model}{subsection.4.3}% 15
\BOOKMARK [3][-]{subsubsection.4.3.2}{Price and volatility plots}{subsection.4.3}% 16
\BOOKMARK [2][-]{subsection.4.4}{No arbitrage check}{section.4}% 17
\BOOKMARK [1][-]{section.5}{Interpolation and extrapolation}{}% 18
\BOOKMARK [2][-]{subsection.5.1}{Interpolation}{section.5}% 19
\BOOKMARK [2][-]{subsection.5.2}{Extrapolation}{section.5}% 20
\BOOKMARK [3][-]{subsubsection.5.2.1}{Before the 1st maturity}{subsection.5.2}% 21
\BOOKMARK [3][-]{subsubsection.5.2.2}{After the last maturity}{subsection.5.2}% 22
\BOOKMARK [1][-]{section.6}{Acknowledgments}{}% 23
